logic__716: 
logic__117: 
muxpart__34: 
logic__661: 
logic__18: 
muxpart__33: 
logic__671: 
logic__13: 
muxpart__15: 
logic__160: 
case__4: 
logic__316: 
logic__361: 
logic__108: 
logic__107: 
logic__97: 
logic__168: 
reg__28: 
logic__441: 
logic__164: 
logic__236: 
logic__153: 
datapath__23: 
logic__142: 
logic__152: 
logic__174: 
case__12: 
logic__631: 
logic__180: 
logic__202: 
EXU: 
logic__208: 
case__7: 
reg__45: 
logic__656: 
logic__836: 
logic__4: 
reg__63: 
logic__396: 
logic__536: 
logic__241: 
logic__751: 
logic__601: 
logic__166: 
logic__571: 
logic__111: 
logic__566: 
logic__261: 
Mux: 
logic__6: 
logic__641: 
logic__122: 
reg__29: 
logic__156: 
Booth: 
logic__776: 
case__8: 
logic__796: 
logic__110: 
logic__286: 
logic__195: 
logic__561: 
logic__811: 
logic__326: 
reg__24: 
logic__416: 
logic__106: 
logic__301: 
logic__506: 
logic__191: 
logic__82: 
reg__31: 
reg__62: 
reg__56: 
logic__626: 
logic__163: 
case__21: 
logic__105: 
logic__159: 
logic__173: 
reg__18: 
logic__2: 
CSA: 
muxpart__30: 
reg__49: 
logic__646: 
logic__154: 
logic__731: 
logic__246: 
reg__33: 
logic__138: 
logic__696: 
logic__148: 
datapath__18: 
case__19: 
WBU: 
logic__421: 
reg__1: 
reg__57: 
logic__851: 
logic__120: 
case__3: 
logic__616: 
logic__84: 
reg__4: 
logic__481: 
logic__137: 
logic__706: 
case__2: 
case__22: 
datapath__4: 
reg__32: 
logic__197: 
logic__756: 
logic__121: 
logic__85: 
datapath__25: 
logic__205: 
reg__5: 
logic__185: 
logic__666: 
datapath__22: 
logic__162: 
datapath: 
logic__881: 
logic__336: 
logic__143: 
datapath__21: 
reg__50: 
logic__531: 
logic__158: 
reg__35: 
logic__351: 
logic__281: 
CPU: 
logic__431: 
reg__17: 
datapath__2: 
case: 
logic__132: 
case__6: 
logic__125: 
reg__36: 
muxpart__16: 
logic__821: 
logic__119: 
datapath__6: 
logic__193: 
logic__213: 
logic__857: 
reg__65: 
counter: 
logic__209: 
logic__151: 
reg__51: 
logic__636: 
logic__149: 
logic__196: 
datapath__24: 
reg__12: 
HazardControl: 
reg__34: 
logic__226: 
logic__144: 
logic__596: 
logic__14: 
logic__883: 
reg__60: 
logic__711: 
logic__141: 
logic__167: 
logic__501: 
logic__862: 
logic__100: 
reg__55: 
logic__486: 
Adder: 
reg__3: 
logic__219: 
datapath__19: 
datapath__13: 
logic__366: 
case__13: 
logic__466: 
logic__194: 
logic__69: 
logic__192: 
logic__135: 
logic__176: 
logic__131: 
logic__96: 
reg__58: 
logic__426: 
logic__183: 
logic__203: 
reg__8: 
logic__190: 
muxpart__32: 
reg__52: 
logic__386: 
logic__726: 
logic__170: 
BranchUnit: 
logic__611: 
logic__3: 
reg__9: 
muxpart__19: 
logic__220: 
muxpart__9: 
muxpart__8: 
muxpart__23: 
logic__88: 
logic__207: 
muxpart__14: 
muxpart__4: 
case__18: 
logic__210: 
IFU: 
logic__701: 
logic__496: 
datapath__1: 
logic__541: 
logic__214: 
logic__157: 
muxpart__3: 
logic__181: 
logic__586: 
reg__21: 
logic__198: 
logic__212: 
logic__461: 
logic__199: 
reg__39: 
case__11: 
datapath__8: 
logic__113: 
logic__134: 
logic__187: 
logic__71: 
logic__766: 
logic__621: 
reg: 
muxpart__29: 
logic__17: 
logic__296: 
logic__127: 
case__1: 
logic__86: 
muxpart__21: 
logic__831: 
logic__371: 
reg__64: 
RegisterFile: 
logic__103: 
logic__736: 
logic__291: 
logic__551: 
logic__145: 
logic__99: 
logic__169: 
logic__175: 
datapath__9: 
muxpart__5: 
reg__66: 
logic__177: 
logic__451: 
logic__129: 
logic__182: 
reg__7: 
reg__37: 
MAU: 
logic__251: 
reg__16: 
datapath__15: 
reg__10: 
datapath__5: 
reg__14: 
logic__391: 
Register: 
logic__691: 
logic__217: 
muxpart__6: 
logic__721: 
Mux4x1: 
reg__26: 
logic__206: 
logic__471: 
logic__98: 
case__17: 
logic__139: 
logic__686: 
logic__112: 
muxpart__26: 
logic__109: 
datapath__16: 
reg__25: 
datapath__12: 
case__9: 
logic__7: 
logic__576: 
logic__556: 
logic__271: 
muxpart__10: 
logic__741: 
datapath__20: 
muxpart__18: 
logic__761: 
logic__346: 
logic__826: 
logic__123: 
logic__171: 
logic__581: 
logic__511: 
logic__846: 
logic__276: 
muxpart__17: 
logic__94: 
logic__311: 
logic__178: 
muxpart__13: 
logic__341: 
logic__95: 
logic__140: 
reg__22: 
logic__211: 
reg__19: 
reg__40: 
logic__200: 
datapath__10: 
logic__651: 
logic__87: 
logic__133: 
logic__516: 
logic__306: 
muxpart__24: 
logic__886: 
logic__231: 
datapath__14: 
reg__47: 
muxpart__28: 
logic__406: 
logic__161: 
logic__128: 
datapath__3: 
logic__184: 
logic__446: 
logic__816: 
logic__136: 
muxpart__1: 
logic__92: 
logic__172: 
Divisor: 
logic: 
logic__356: 
logic__83: 
muxpart__27: 
logic__591: 
logic__204: 
logic__201: 
logic__115: 
logic__771: 
reg__20: 
case__16: 
logic__101: 
logic__606: 
logic__266: 
reg__44: 
logic__791: 
logic__5: 
logic__150: 
logic__147: 
logic__215: 
reg__53: 
logic__841: 
logic__801: 
reg__13: 
logic__221: 
logic__436: 
logic__146: 
logic__19: 
muxpart__20: 
reg__54: 
reg__41: 
LoadDecoder: 
logic__781: 
muxpart__7: 
logic__165: 
logic__189: 
logic__65: 
logic__546: 
reg__27: 
reg__43: 
reg__38: 
datapath__17: 
reg__6: 
logic__476: 
muxpart__11: 
logic__72: 
IDU: 
muxpart__12: 
logic__376: 
logic__126: 
logic__882: 
logic__216: 
muxpart: 
datapath__7: 
reg__23: 
logic__456: 
reg__67: 
logic__491: 
logic__676: 
logic__70: 
logic__746: 
reg__61: 
CLA: 
logic__401: 
logic__888: 
logic__256: 
logic__188: 
logic__1: 
logic__331: 
reg__30: 
logic__102: 
logic__856: 
logic__521: 
muxpart__31: 
logic__68: 
logic__887: 
logic__806: 
logic__81: 
ALU: 
reg__48: 
Extend: 
logic__118: 
logic__116: 
logic__411: 
reg__15: 
StoreDecoder: 
muxpart__22: 
logic__786: 
logic__104: 
logic__62: 
reg__11: 
logic__889: 
reg__42: 
logic__526: 
logic__93: 
muxpart__2: 
logic__155: 
logic__114: 
logic__681: 
logic__186: 
logic__218: 
logic__179: 
datapath__11: 
case__20: 
reg__46: 
case__10: 
logic__130: 
logic__381: 
logic__321: 
reg__59: 
Control: 
reg__2: 
muxpart__25: 
logic__124: 
