Copyright 1986-2022 Xilinx, Inc. All Rights Reserved. Copyright 2022-2024 Advanced Micro Devices, Inc. All Rights Reserved.
---------------------------------------------------------------------------------------------------------------------------------------------
| Tool Version : Vivado v.2024.2 (win64) Build 5239630 Fri Nov 08 22:35:27 MST 2024
| Date         : Tue May 20 22:10:41 2025
| Host         : DESKTOP-IQB8PGC running 64-bit major release  (build 9200)
| Command      : report_control_sets -verbose -file CPU_control_sets_placed.rpt
| Design       : CPU
| Device       : xc7a50t
---------------------------------------------------------------------------------------------------------------------------------------------

Control Set Information

Table of Contents
-----------------
1. Summary
2. Histogram
3. Flip-Flop Distribution
4. Detailed Control Set Information

1. Summary
----------

+----------------------------------------------------------+-------+
|                          Status                          | Count |
+----------------------------------------------------------+-------+
| Total control sets                                       |     9 |
|    Minimum number of control sets                        |     9 |
|    Addition due to synthesis replication                 |     0 |
|    Addition due to physical synthesis replication        |     0 |
| Unused register locations in slices containing registers |    14 |
+----------------------------------------------------------+-------+
* Control sets can be merged at opt_design using control_set_merge or merge_equivalent_drivers
** Run report_qor_suggestions for automated merging and remapping suggestions


2. Histogram
------------

+--------------------+-------+
|       Fanout       | Count |
+--------------------+-------+
| Total control sets |     9 |
| >= 0 to < 4        |     0 |
| >= 4 to < 6        |     1 |
| >= 6 to < 8        |     0 |
| >= 8 to < 10       |     0 |
| >= 10 to < 12      |     0 |
| >= 12 to < 14      |     0 |
| >= 14 to < 16      |     0 |
| >= 16              |     8 |
+--------------------+-------+
* Control sets can be remapped at either synth_design or opt_design


3. Flip-Flop Distribution
-------------------------

+--------------+-----------------------+------------------------+-----------------+--------------+
| Clock Enable | Synchronous Set/Reset | Asynchronous Set/Reset | Total Registers | Total Slices |
+--------------+-----------------------+------------------------+-----------------+--------------+
| No           | No                    | No                     |               5 |            4 |
| No           | No                    | Yes                    |               0 |            0 |
| No           | Yes                   | No                     |             342 |          202 |
| Yes          | No                    | No                     |              64 |           30 |
| Yes          | No                    | Yes                    |               0 |            0 |
| Yes          | Yes                   | No                     |             295 |          112 |
+--------------+-----------------------+------------------------+-----------------+--------------+


4. Detailed Control Set Information
-----------------------------------

+----------------+-----------------------------------+-------------------------------------+------------------+----------------+--------------+
|  Clock Signal  |           Enable Signal           |           Set/Reset Signal          | Slice Load Count | Bel Load Count | Bels / Slice |
+----------------+-----------------------------------+-------------------------------------+------------------+----------------+--------------+
|  CLK_IBUF_BUFG |                                   |                                     |                4 |              5 |         1.25 |
|  CLK_IBUF_BUFG | InstructionDecodeUnit/SS[0]       |                                     |               15 |             32 |         2.13 |
|  CLK_IBUF_BUFG | InstructionDecodeUnit/busy_reg[0] | RST_IBUF                            |                9 |             32 |         3.56 |
|  CLK_IBUF_BUFG | ExecutionUnit/Div/Q[31]_i_1_n_0   |                                     |               15 |             32 |         2.13 |
|  CLK_IBUF_BUFG | ExecutionUnit/Div/E[0]            | InstructionDecodeUnit/SS[0]         |               10 |             37 |         3.70 |
|  CLK_IBUF_BUFG | InstructionDecodeUnit/busy_reg[0] | InstructionDecodeUnit/jalE_reg_8[0] |               17 |             61 |         3.59 |
| ~CLK_IBUF_BUFG | MemoryAccessUnit/RegWriteW        |                                     |               11 |             88 |         8.00 |
|  CLK_IBUF_BUFG | ExecutionUnit/Div/busy_reg_0[0]   | InstructionDecodeUnit/PCE0          |               76 |            165 |         2.17 |
|  CLK_IBUF_BUFG |                                   | RST_IBUF                            |              202 |            342 |         1.69 |
+----------------+-----------------------------------+-------------------------------------+------------------+----------------+--------------+


