#-----------------------------------------------------------
# Vivado v2024.2 (64-bit)
# SW Build 5239630 on Fri Nov 08 22:35:27 MST 2024
# IP Build 5239520 on Sun Nov 10 16:12:51 MST 2024
# SharedData Build 5239561 on Fri Nov 08 14:39:27 MST 2024
# Start of session at: Tue May 20 20:29:17 2025
# Process ID         : 19704
# Current directory  : E:/IC/Mark VI/Vivado/CPU
# Command line       : vivado.exe -gui_launcher_event rodinguilauncherevent19624 E:\IC\Mark VI\Vivado\CPU\CPU.xpr
# Log file           : E:/IC/Mark VI/Vivado/CPU/vivado.log
# Journal file       : E:/IC/Mark VI/Vivado/CPU\vivado.jou
# Running On         : DESKTOP-IQB8PGC
# Platform           : Windows Server 2016 or Windows 10
# Operating System   : 19045
# Processor Detail   : AMD Ryzen 5 5500U with Radeon Graphics         
# CPU Frequency      : 2096 MHz
# CPU Physical cores : 6
# CPU Logical cores  : 12
# Host memory        : 15915 MB
# Swap memory        : 8589 MB
# Total Virtual      : 24505 MB
# Available Virtual  : 5744 MB
#-----------------------------------------------------------
start_gui
open_project {E:/IC/Mark VI/Vivado/CPU/CPU.xpr}
Scanning sources...
Finished scanning sources
INFO: [IP_Flow 19-234] Refreshing IP repositories
INFO: [IP_Flow 19-1704] No user IP repositories specified
INFO: [IP_Flow 19-2313] Loaded Vivado IP repository 'E:/Vivado/Vivado/2024.2/data/ip'.
open_project: Time (s): cpu = 00:00:15 ; elapsed = 00:00:09 . Memory (MB): peak = 1205.680 ; gain = 139.266
update_compile_order -fileset sources_1
synth_design -rtl -rtl_skip_mlo -name rtl_1
Command: synth_design -rtl -rtl_skip_mlo -name rtl_1
Starting synth_design
Using part: xc7a50tcsg324-3
Top: CPU
INFO: [Device 21-403] Loading part xc7a50tcsg324-3
INFO: [Common 17-41] Interrupt caught. Command should exit soon.
2 Infos, 0 Warnings, 0 Critical Warnings and 0 Errors encountered.
synth_design completed successfully
synth_design: Time (s): cpu = 00:00:03 ; elapsed = 00:00:15 . Memory (MB): peak = 1378.922 ; gain = 158.582
INFO: [Common 17-344] 'synth_design' was cancelled
synth_design -rtl -rtl_skip_mlo -name rtl_1
Command: synth_design -rtl -rtl_skip_mlo -name rtl_1
Starting synth_design
Using part: xc7a50tcsg324-3
Top: CPU
INFO: [Synth 8-7079] Multithreading enabled for synth_design using a maximum of 2 processes.
INFO: [Synth 8-7078] Launching helper process for spawning children vivado processes
INFO: [Synth 8-7075] Helper process launched with PID 19780
---------------------------------------------------------------------------------
Starting RTL Elaboration : Time (s): cpu = 00:00:09 ; elapsed = 00:00:08 . Memory (MB): peak = 1838.727 ; gain = 459.805
---------------------------------------------------------------------------------
INFO: [Synth 8-6157] synthesizing module 'CPU' [E:/IC/Mark VI/src/CPU.v:1]
INFO: [Synth 8-6157] synthesizing module 'HazardControl' [E:/IC/Mark VI/src/HazardControl.v:1]
INFO: [Synth 8-6155] done synthesizing module 'HazardControl' (0#1) [E:/IC/Mark VI/src/HazardControl.v:1]
INFO: [Synth 8-6157] synthesizing module 'IFU' [E:/IC/Mark VI/src/IFU.v:1]
INFO: [Synth 8-6157] synthesizing module 'Mux' [E:/IC/Mark VI/src/Mux.v:1]
INFO: [Synth 8-6155] done synthesizing module 'Mux' (0#1) [E:/IC/Mark VI/src/Mux.v:1]
INFO: [Synth 8-6157] synthesizing module 'Register' [E:/IC/Mark VI/src/Register.v:1]
INFO: [Synth 8-6155] done synthesizing module 'Register' (0#1) [E:/IC/Mark VI/src/Register.v:1]
INFO: [Synth 8-6157] synthesizing module 'Adder' [E:/IC/Mark VI/src/Adder.v:1]
INFO: [Synth 8-6155] done synthesizing module 'Adder' (0#1) [E:/IC/Mark VI/src/Adder.v:1]
INFO: [Synth 8-6157] synthesizing module 'ROM' [E:/IC/Mark VI/Vivado/CPU/.Xil/Vivado-19704-DESKTOP-IQB8PGC/realtime/ROM_stub.v:6]
INFO: [Synth 8-6155] done synthesizing module 'ROM' (0#1) [E:/IC/Mark VI/Vivado/CPU/.Xil/Vivado-19704-DESKTOP-IQB8PGC/realtime/ROM_stub.v:6]
WARNING: [Synth 8-689] width (30) of port connection 'a' does not match port width (8) of module 'ROM' [E:/IC/Mark VI/src/IFU.v:37]
INFO: [Synth 8-6155] done synthesizing module 'IFU' (0#1) [E:/IC/Mark VI/src/IFU.v:1]
INFO: [Synth 8-6157] synthesizing module 'IDU' [E:/IC/Mark VI/src/IDU.v:1]
INFO: [Synth 8-6157] synthesizing module 'Control' [E:/IC/Mark VI/src/Control.v:1]
INFO: [Synth 8-6155] done synthesizing module 'Control' (0#1) [E:/IC/Mark VI/src/Control.v:1]
INFO: [Synth 8-6157] synthesizing module 'RegisterFile' [E:/IC/Mark VI/src/RegisterFile.v:1]
INFO: [Synth 8-6155] done synthesizing module 'RegisterFile' (0#1) [E:/IC/Mark VI/src/RegisterFile.v:1]
INFO: [Synth 8-6157] synthesizing module 'Extend' [E:/IC/Mark VI/src/Extend.v:1]
INFO: [Synth 8-6155] done synthesizing module 'Extend' (0#1) [E:/IC/Mark VI/src/Extend.v:1]
INFO: [Synth 8-6155] done synthesizing module 'IDU' (0#1) [E:/IC/Mark VI/src/IDU.v:1]
INFO: [Synth 8-6157] synthesizing module 'EXU' [E:/IC/Mark VI/src/EXU.v:1]
INFO: [Synth 8-6157] synthesizing module 'Mux4x1' [E:/IC/Mark VI/src/Mux4x1.v:1]
INFO: [Synth 8-6155] done synthesizing module 'Mux4x1' (0#1) [E:/IC/Mark VI/src/Mux4x1.v:1]
INFO: [Synth 8-6157] synthesizing module 'StoreDecoder' [E:/IC/Mark VI/src/StoreDecoder.v:1]
INFO: [Synth 8-6155] done synthesizing module 'StoreDecoder' (0#1) [E:/IC/Mark VI/src/StoreDecoder.v:1]
INFO: [Synth 8-6157] synthesizing module 'BranchUnit' [E:/IC/Mark VI/src/BranchUnit.v:1]
INFO: [Synth 8-6155] done synthesizing module 'BranchUnit' (0#1) [E:/IC/Mark VI/src/BranchUnit.v:1]
INFO: [Synth 8-6157] synthesizing module 'ALU' [E:/IC/Mark VI/src/ALU.v:1]
INFO: [Synth 8-6155] done synthesizing module 'ALU' (0#1) [E:/IC/Mark VI/src/ALU.v:1]
INFO: [Synth 8-6157] synthesizing module 'Divisor' [E:/IC/Mark VI/src/Divisor.v:1]
INFO: [Synth 8-6155] done synthesizing module 'Divisor' (0#1) [E:/IC/Mark VI/src/Divisor.v:1]
INFO: [Synth 8-6157] synthesizing module 'Booth' [E:/IC/Mark VI/src/Booth/Booth.v:1]
INFO: [Synth 8-226] default block is never used [E:/IC/Mark VI/src/Booth/Booth.v:33]
INFO: [Synth 8-226] default block is never used [E:/IC/Mark VI/src/Booth/Booth.v:33]
INFO: [Synth 8-226] default block is never used [E:/IC/Mark VI/src/Booth/Booth.v:33]
INFO: [Synth 8-226] default block is never used [E:/IC/Mark VI/src/Booth/Booth.v:33]
INFO: [Synth 8-226] default block is never used [E:/IC/Mark VI/src/Booth/Booth.v:33]
INFO: [Synth 8-226] default block is never used [E:/IC/Mark VI/src/Booth/Booth.v:33]
INFO: [Synth 8-226] default block is never used [E:/IC/Mark VI/src/Booth/Booth.v:33]
INFO: [Synth 8-226] default block is never used [E:/IC/Mark VI/src/Booth/Booth.v:33]
INFO: [Synth 8-226] default block is never used [E:/IC/Mark VI/src/Booth/Booth.v:33]
INFO: [Synth 8-226] default block is never used [E:/IC/Mark VI/src/Booth/Booth.v:33]
INFO: [Synth 8-226] default block is never used [E:/IC/Mark VI/src/Booth/Booth.v:33]
INFO: [Synth 8-226] default block is never used [E:/IC/Mark VI/src/Booth/Booth.v:33]
INFO: [Synth 8-226] default block is never used [E:/IC/Mark VI/src/Booth/Booth.v:33]
INFO: [Synth 8-226] default block is never used [E:/IC/Mark VI/src/Booth/Booth.v:33]
INFO: [Synth 8-226] default block is never used [E:/IC/Mark VI/src/Booth/Booth.v:33]
INFO: [Synth 8-226] default block is never used [E:/IC/Mark VI/src/Booth/Booth.v:33]
INFO: [Synth 8-6157] synthesizing module 'CSA' [E:/IC/Mark VI/src/Booth/CSA.v:1]
INFO: [Synth 8-6155] done synthesizing module 'CSA' (0#1) [E:/IC/Mark VI/src/Booth/CSA.v:1]
INFO: [Synth 8-6157] synthesizing module 'Knowles' [E:/IC/Aritmethic/Booth/Teste/Knowles.v:1]
INFO: [Synth 8-6155] done synthesizing module 'Knowles' (0#1) [E:/IC/Aritmethic/Booth/Teste/Knowles.v:1]
WARNING: [Synth 8-7071] port 'Cout' of module 'Knowles' is unconnected for instance 'CPA' [E:/IC/Mark VI/src/Booth/Booth.v:109]
WARNING: [Synth 8-7023] instance 'CPA' of module 'Knowles' has 5 connections declared, but only 4 given [E:/IC/Mark VI/src/Booth/Booth.v:109]
INFO: [Synth 8-6155] done synthesizing module 'Booth' (0#1) [E:/IC/Mark VI/src/Booth/Booth.v:1]
INFO: [Synth 8-6155] done synthesizing module 'EXU' (0#1) [E:/IC/Mark VI/src/EXU.v:1]
INFO: [Synth 8-6157] synthesizing module 'MAU' [E:/IC/Mark VI/src/MAU.v:1]
INFO: [Synth 8-6157] synthesizing module 'RAM' [E:/IC/Mark VI/Vivado/CPU/.Xil/Vivado-19704-DESKTOP-IQB8PGC/realtime/RAM_stub.v:6]
INFO: [Synth 8-6155] done synthesizing module 'RAM' (0#1) [E:/IC/Mark VI/Vivado/CPU/.Xil/Vivado-19704-DESKTOP-IQB8PGC/realtime/RAM_stub.v:6]
WARNING: [Synth 8-689] width (30) of port connection 'addra' does not match port width (8) of module 'RAM' [E:/IC/Mark VI/src/MAU.v:18]
INFO: [Synth 8-6155] done synthesizing module 'MAU' (0#1) [E:/IC/Mark VI/src/MAU.v:1]
INFO: [Synth 8-6157] synthesizing module 'WBU' [E:/IC/Mark VI/src/WBU.v:1]
INFO: [Synth 8-6157] synthesizing module 'LoadDecoder' [E:/IC/Mark VI/src/LoadDecoder.v:1]
INFO: [Synth 8-6155] done synthesizing module 'LoadDecoder' (0#1) [E:/IC/Mark VI/src/LoadDecoder.v:1]
INFO: [Synth 8-6155] done synthesizing module 'WBU' (0#1) [E:/IC/Mark VI/src/WBU.v:1]
INFO: [Synth 8-6155] done synthesizing module 'CPU' (0#1) [E:/IC/Mark VI/src/CPU.v:1]
---------------------------------------------------------------------------------
Finished RTL Elaboration : Time (s): cpu = 00:00:12 ; elapsed = 00:00:11 . Memory (MB): peak = 1974.711 ; gain = 595.789
---------------------------------------------------------------------------------
---------------------------------------------------------------------------------
Start Handling Custom Attributes
---------------------------------------------------------------------------------
---------------------------------------------------------------------------------
Finished Handling Custom Attributes : Time (s): cpu = 00:00:12 ; elapsed = 00:00:11 . Memory (MB): peak = 1974.711 ; gain = 595.789
---------------------------------------------------------------------------------
---------------------------------------------------------------------------------
Finished RTL Optimization Phase 1 : Time (s): cpu = 00:00:12 ; elapsed = 00:00:11 . Memory (MB): peak = 1974.711 ; gain = 595.789
---------------------------------------------------------------------------------
INFO: [Project 1-454] Reading design checkpoint 'e:/IC/Mark VI/Vivado/CPU/CPU.gen/sources_1/ip/ROM/ROM.dcp' for cell 'InstructionFetchUnit/InstructionMemory'
INFO: [Project 1-454] Reading design checkpoint 'e:/IC/Mark VI/Vivado/CPU/CPU.gen/sources_1/ip/RAM/RAM.dcp' for cell 'MemoryAccessUnit/DataMemory'
Netlist sorting complete. Time (s): cpu = 00:00:01 ; elapsed = 00:00:00.164 . Memory (MB): peak = 1974.711 ; gain = 0.000
INFO: [Netlist 29-17] Analyzing 1 Unisim elements for replacement
INFO: [Netlist 29-28] Unisim Transformation completed in 0 CPU seconds
INFO: [Project 1-479] Netlist was created with Vivado 2024.2
INFO: [Project 1-570] Preparing netlist for logic optimization

Processing XDC Constraints
Initializing timing engine
Parsing XDC File [E:/IC/Mark VI/constraints/RISCV.xdc]
Finished Parsing XDC File [E:/IC/Mark VI/constraints/RISCV.xdc]
Completed Processing XDC Constraints

Netlist sorting complete. Time (s): cpu = 00:00:00 ; elapsed = 00:00:00.002 . Memory (MB): peak = 2061.629 ; gain = 0.000
INFO: [Project 1-111] Unisim Transformation Summary:
No Unisim elements were transformed.

RTL Elaboration Complete:  : Time (s): cpu = 00:00:32 ; elapsed = 00:00:22 . Memory (MB): peak = 2317.168 ; gain = 938.246
74 Infos, 4 Warnings, 0 Critical Warnings and 0 Errors encountered.
synth_design completed successfully
synth_design: Time (s): cpu = 00:00:32 ; elapsed = 00:00:22 . Memory (MB): peak = 2317.168 ; gain = 938.246
exit
INFO: [Common 17-206] Exiting Vivado at Tue May 20 20:35:40 2025...
