#-----------------------------------------------------------
# Vivado v2024.2 (64-bit)
# SW Build 5239630 on Fri Nov 08 22:35:27 MST 2024
# IP Build 5239520 on Sun Nov 10 16:12:51 MST 2024
# SharedData Build 5239561 on Fri Nov 08 14:39:27 MST 2024
# Start of session at: Mon Apr 28 17:39:58 2025
# Process ID         : 12776
# Current directory  : E:/IC/Mark VI/Vivado/CPU
# Command line       : vivado.exe -gui_launcher_event rodinguilauncherevent10832 E:\IC\Mark VI\Vivado\CPU\CPU.xpr
# Log file           : E:/IC/Mark VI/Vivado/CPU/vivado.log
# Journal file       : E:/IC/Mark VI/Vivado/CPU\vivado.jou
# Running On         : DESKTOP-IQB8PGC
# Platform           : Windows Server 2016 or Windows 10
# Operating System   : 19045
# Processor Detail   : AMD Ryzen 5 5500U with Radeon Graphics         
# CPU Frequency      : 2096 MHz
# CPU Physical cores : 6
# CPU Logical cores  : 12
# Host memory        : 15915 MB
# Swap memory        : 8589 MB
# Total Virtual      : 24505 MB
# Available Virtual  : 10015 MB
#-----------------------------------------------------------
start_gui
open_project {E:/IC/Mark VI/Vivado/CPU/CPU.xpr}
update_compile_order -fileset sources_1
add_files {{E:/IC/Mark VI/src/Booth/Booth.v} {E:/IC/Mark VI/src/Booth/CSA.v} {E:/IC/Mark VI/src/Booth/CLA.v}}
update_compile_order -fileset sources_1
update_compile_order -fileset sources_1
update_compile_order -fileset sources_1
synth_design -top CPU -part xc7a50tcsg324-3 -lint 
synth_design -top CPU -part xc7a50tcsg324-3 -lint 
synth_design -top CPU -part xc7a50tcsg324-3 -lint 
synth_design -rtl -rtl_skip_mlo -name rtl_1
launch_simulation
