
*** Running vivado
    with args -log CPU.vds -m64 -product Vivado -mode batch -messageDb vivado.pb -notrace -source CPU.tcl



****** Vivado v2024.2 (64-bit)
  **** SW Build 5239630 on Fri Nov 08 22:35:27 MST 2024
  **** IP Build 5239520 on Sun Nov 10 16:12:51 MST 2024
  **** SharedData Build 5239561 on Fri Nov 08 14:39:27 MST 2024
  **** Start of session at: Tue May 20 22:05:45 2025
    ** Copyright 1986-2022 Xilinx, Inc. All Rights Reserved.
    ** Copyright 2022-2024 Advanced Micro Devices, Inc. All Rights Reserved.

source CPU.tcl -notrace
Command: read_checkpoint -auto_incremental -incremental {E:/IC/Mark VI/Vivado/CPU/CPU.srcs/utils_1/imports/synth_1/CPU.dcp}
INFO: [Vivado 12-5825] Read reference checkpoint from E:/IC/Mark VI/Vivado/CPU/CPU.srcs/utils_1/imports/synth_1/CPU.dcp for incremental synthesis
INFO: [Vivado 12-7989] Please ensure there are no constraint changes
Command: synth_design -top CPU -part xc7a50tcsg324-3
Starting synth_design
Attempting to get a license for feature 'Synthesis' and/or device 'xc7a50t'
INFO: [Common 17-349] Got license for feature 'Synthesis' and/or device 'xc7a50t'
INFO: [Device 21-403] Loading part xc7a50tcsg324-3
INFO: [Designutils 20-5440] No compile time benefit to using incremental synthesis; A full resynthesis will be run
INFO: [Designutils 20-4379] Flow is switching to default flow due to incremental criteria not met. If you would like to alter this behaviour and have the flow terminate instead, please set the following parameter config_implementation {autoIncr.Synth.RejectBehavior Terminate}
INFO: [Synth 8-7079] Multithreading enabled for synth_design using a maximum of 2 processes.
INFO: [Synth 8-7078] Launching helper process for spawning children vivado processes
INFO: [Synth 8-7075] Helper process launched with PID 21200
---------------------------------------------------------------------------------
Starting RTL Elaboration : Time (s): cpu = 00:00:08 ; elapsed = 00:00:08 . Memory (MB): peak = 1039.191 ; gain = 468.172
---------------------------------------------------------------------------------
INFO: [Synth 8-6157] synthesizing module 'CPU' [E:/IC/Mark VI/src/CPU.v:1]
INFO: [Synth 8-6157] synthesizing module 'HazardControl' [E:/IC/Mark VI/src/HazardControl.v:1]
INFO: [Synth 8-6155] done synthesizing module 'HazardControl' (0#1) [E:/IC/Mark VI/src/HazardControl.v:1]
INFO: [Synth 8-6157] synthesizing module 'IFU' [E:/IC/Mark VI/src/IFU.v:1]
INFO: [Synth 8-6157] synthesizing module 'Mux' [E:/IC/Mark VI/src/Mux.v:1]
INFO: [Synth 8-6155] done synthesizing module 'Mux' (0#1) [E:/IC/Mark VI/src/Mux.v:1]
INFO: [Synth 8-6157] synthesizing module 'Register' [E:/IC/Mark VI/src/Register.v:1]
INFO: [Synth 8-6155] done synthesizing module 'Register' (0#1) [E:/IC/Mark VI/src/Register.v:1]
INFO: [Synth 8-6157] synthesizing module 'Adder' [E:/IC/Mark VI/src/Adder.v:1]
INFO: [Synth 8-6155] done synthesizing module 'Adder' (0#1) [E:/IC/Mark VI/src/Adder.v:1]
INFO: [Synth 8-6157] synthesizing module 'ROM' [E:/IC/Mark VI/Vivado/CPU/CPU.runs/synth_1/.Xil/Vivado-8844-DESKTOP-IQB8PGC/realtime/ROM_stub.v:6]
INFO: [Synth 8-6155] done synthesizing module 'ROM' (0#1) [E:/IC/Mark VI/Vivado/CPU/CPU.runs/synth_1/.Xil/Vivado-8844-DESKTOP-IQB8PGC/realtime/ROM_stub.v:6]
WARNING: [Synth 8-689] width (30) of port connection 'a' does not match port width (8) of module 'ROM' [E:/IC/Mark VI/src/IFU.v:37]
INFO: [Synth 8-6155] done synthesizing module 'IFU' (0#1) [E:/IC/Mark VI/src/IFU.v:1]
INFO: [Synth 8-6157] synthesizing module 'IDU' [E:/IC/Mark VI/src/IDU.v:1]
INFO: [Synth 8-6157] synthesizing module 'Control' [E:/IC/Mark VI/src/Control.v:1]
INFO: [Synth 8-6155] done synthesizing module 'Control' (0#1) [E:/IC/Mark VI/src/Control.v:1]
INFO: [Synth 8-6157] synthesizing module 'RegisterFile' [E:/IC/Mark VI/src/RegisterFile.v:1]
INFO: [Synth 8-6155] done synthesizing module 'RegisterFile' (0#1) [E:/IC/Mark VI/src/RegisterFile.v:1]
INFO: [Synth 8-6157] synthesizing module 'Extend' [E:/IC/Mark VI/src/Extend.v:1]
INFO: [Synth 8-6155] done synthesizing module 'Extend' (0#1) [E:/IC/Mark VI/src/Extend.v:1]
INFO: [Synth 8-6155] done synthesizing module 'IDU' (0#1) [E:/IC/Mark VI/src/IDU.v:1]
INFO: [Synth 8-6157] synthesizing module 'EXU' [E:/IC/Mark VI/src/EXU.v:1]
INFO: [Synth 8-6157] synthesizing module 'Mux4x1' [E:/IC/Mark VI/src/Mux4x1.v:1]
INFO: [Synth 8-6155] done synthesizing module 'Mux4x1' (0#1) [E:/IC/Mark VI/src/Mux4x1.v:1]
INFO: [Synth 8-6157] synthesizing module 'StoreDecoder' [E:/IC/Mark VI/src/StoreDecoder.v:1]
INFO: [Synth 8-6155] done synthesizing module 'StoreDecoder' (0#1) [E:/IC/Mark VI/src/StoreDecoder.v:1]
INFO: [Synth 8-6157] synthesizing module 'BranchUnit' [E:/IC/Mark VI/src/BranchUnit.v:1]
INFO: [Synth 8-6155] done synthesizing module 'BranchUnit' (0#1) [E:/IC/Mark VI/src/BranchUnit.v:1]
INFO: [Synth 8-6157] synthesizing module 'ALU' [E:/IC/Mark VI/src/ALU.v:1]
INFO: [Synth 8-6155] done synthesizing module 'ALU' (0#1) [E:/IC/Mark VI/src/ALU.v:1]
INFO: [Synth 8-6157] synthesizing module 'Divisor' [E:/IC/Mark VI/src/Divisor.v:1]
INFO: [Synth 8-6155] done synthesizing module 'Divisor' (0#1) [E:/IC/Mark VI/src/Divisor.v:1]
INFO: [Synth 8-6157] synthesizing module 'Booth' [E:/IC/Mark VI/src/Booth/Booth.v:1]
INFO: [Synth 8-226] default block is never used [E:/IC/Mark VI/src/Booth/Booth.v:33]
INFO: [Synth 8-226] default block is never used [E:/IC/Mark VI/src/Booth/Booth.v:33]
INFO: [Synth 8-226] default block is never used [E:/IC/Mark VI/src/Booth/Booth.v:33]
INFO: [Synth 8-226] default block is never used [E:/IC/Mark VI/src/Booth/Booth.v:33]
INFO: [Synth 8-226] default block is never used [E:/IC/Mark VI/src/Booth/Booth.v:33]
INFO: [Synth 8-226] default block is never used [E:/IC/Mark VI/src/Booth/Booth.v:33]
INFO: [Synth 8-226] default block is never used [E:/IC/Mark VI/src/Booth/Booth.v:33]
INFO: [Synth 8-226] default block is never used [E:/IC/Mark VI/src/Booth/Booth.v:33]
INFO: [Synth 8-226] default block is never used [E:/IC/Mark VI/src/Booth/Booth.v:33]
INFO: [Synth 8-226] default block is never used [E:/IC/Mark VI/src/Booth/Booth.v:33]
INFO: [Synth 8-226] default block is never used [E:/IC/Mark VI/src/Booth/Booth.v:33]
INFO: [Synth 8-226] default block is never used [E:/IC/Mark VI/src/Booth/Booth.v:33]
INFO: [Synth 8-226] default block is never used [E:/IC/Mark VI/src/Booth/Booth.v:33]
INFO: [Synth 8-226] default block is never used [E:/IC/Mark VI/src/Booth/Booth.v:33]
INFO: [Synth 8-226] default block is never used [E:/IC/Mark VI/src/Booth/Booth.v:33]
INFO: [Synth 8-226] default block is never used [E:/IC/Mark VI/src/Booth/Booth.v:33]
INFO: [Synth 8-6157] synthesizing module 'CSA' [E:/IC/Mark VI/src/Booth/CSA.v:1]
INFO: [Synth 8-6155] done synthesizing module 'CSA' (0#1) [E:/IC/Mark VI/src/Booth/CSA.v:1]
INFO: [Synth 8-6157] synthesizing module 'Knowles' [E:/IC/Aritmethic/Booth/Teste/Knowles.v:1]
INFO: [Synth 8-6155] done synthesizing module 'Knowles' (0#1) [E:/IC/Aritmethic/Booth/Teste/Knowles.v:1]
WARNING: [Synth 8-7071] port 'Cout' of module 'Knowles' is unconnected for instance 'CPA' [E:/IC/Mark VI/src/Booth/Booth.v:109]
WARNING: [Synth 8-7023] instance 'CPA' of module 'Knowles' has 5 connections declared, but only 4 given [E:/IC/Mark VI/src/Booth/Booth.v:109]
INFO: [Synth 8-6155] done synthesizing module 'Booth' (0#1) [E:/IC/Mark VI/src/Booth/Booth.v:1]
INFO: [Synth 8-6155] done synthesizing module 'EXU' (0#1) [E:/IC/Mark VI/src/EXU.v:1]
INFO: [Synth 8-6157] synthesizing module 'MAU' [E:/IC/Mark VI/src/MAU.v:1]
INFO: [Synth 8-6157] synthesizing module 'RAM' [E:/IC/Mark VI/Vivado/CPU/CPU.runs/synth_1/.Xil/Vivado-8844-DESKTOP-IQB8PGC/realtime/RAM_stub.v:6]
INFO: [Synth 8-6155] done synthesizing module 'RAM' (0#1) [E:/IC/Mark VI/Vivado/CPU/CPU.runs/synth_1/.Xil/Vivado-8844-DESKTOP-IQB8PGC/realtime/RAM_stub.v:6]
WARNING: [Synth 8-689] width (30) of port connection 'addra' does not match port width (8) of module 'RAM' [E:/IC/Mark VI/src/MAU.v:18]
INFO: [Synth 8-6155] done synthesizing module 'MAU' (0#1) [E:/IC/Mark VI/src/MAU.v:1]
INFO: [Synth 8-6157] synthesizing module 'WBU' [E:/IC/Mark VI/src/WBU.v:1]
INFO: [Synth 8-6157] synthesizing module 'LoadDecoder' [E:/IC/Mark VI/src/LoadDecoder.v:1]
INFO: [Synth 8-6155] done synthesizing module 'LoadDecoder' (0#1) [E:/IC/Mark VI/src/LoadDecoder.v:1]
INFO: [Synth 8-6155] done synthesizing module 'WBU' (0#1) [E:/IC/Mark VI/src/WBU.v:1]
INFO: [Synth 8-6155] done synthesizing module 'CPU' (0#1) [E:/IC/Mark VI/src/CPU.v:1]
---------------------------------------------------------------------------------
Finished RTL Elaboration : Time (s): cpu = 00:00:11 ; elapsed = 00:00:11 . Memory (MB): peak = 1171.410 ; gain = 600.391
---------------------------------------------------------------------------------
---------------------------------------------------------------------------------
Start Handling Custom Attributes
---------------------------------------------------------------------------------
---------------------------------------------------------------------------------
Finished Handling Custom Attributes : Time (s): cpu = 00:00:11 ; elapsed = 00:00:12 . Memory (MB): peak = 1171.410 ; gain = 600.391
---------------------------------------------------------------------------------
---------------------------------------------------------------------------------
Finished RTL Optimization Phase 1 : Time (s): cpu = 00:00:11 ; elapsed = 00:00:12 . Memory (MB): peak = 1171.410 ; gain = 600.391
---------------------------------------------------------------------------------
Netlist sorting complete. Time (s): cpu = 00:00:00 ; elapsed = 00:00:00.154 . Memory (MB): peak = 1171.410 ; gain = 0.000
INFO: [Project 1-570] Preparing netlist for logic optimization

Processing XDC Constraints
Initializing timing engine
Parsing XDC File [e:/IC/Mark VI/Vivado/CPU/CPU.gen/sources_1/ip/ROM/ROM/ROM_in_context.xdc] for cell 'InstructionFetchUnit/InstructionMemory'
Finished Parsing XDC File [e:/IC/Mark VI/Vivado/CPU/CPU.gen/sources_1/ip/ROM/ROM/ROM_in_context.xdc] for cell 'InstructionFetchUnit/InstructionMemory'
Parsing XDC File [e:/IC/Mark VI/Vivado/CPU/CPU.gen/sources_1/ip/RAM/RAM/RAM_in_context.xdc] for cell 'MemoryAccessUnit/DataMemory'
Finished Parsing XDC File [e:/IC/Mark VI/Vivado/CPU/CPU.gen/sources_1/ip/RAM/RAM/RAM_in_context.xdc] for cell 'MemoryAccessUnit/DataMemory'
Parsing XDC File [E:/IC/Mark VI/constraints/RISCV.xdc]
Finished Parsing XDC File [E:/IC/Mark VI/constraints/RISCV.xdc]
INFO: [Project 1-236] Implementation specific constraints were found while reading constraint file [E:/IC/Mark VI/constraints/RISCV.xdc]. These constraints will be ignored for synthesis but will be used in implementation. Impacted constraints are listed in the file [.Xil/CPU_propImpl.xdc].
Resolution: To avoid this warning, move constraints listed in [.Xil/CPU_propImpl.xdc] to another XDC file and exclude this new file from synthesis with the used_in_synthesis property (File Properties dialog in GUI) and re-run elaboration/synthesis.
Completed Processing XDC Constraints

Netlist sorting complete. Time (s): cpu = 00:00:00 ; elapsed = 00:00:00.002 . Memory (MB): peak = 1259.242 ; gain = 0.000
INFO: [Project 1-111] Unisim Transformation Summary:
No Unisim elements were transformed.

Constraint Validation Runtime : Time (s): cpu = 00:00:00 ; elapsed = 00:00:00.031 . Memory (MB): peak = 1259.242 ; gain = 0.000
WARNING: [Timing 38-316] Clock period '20.000' specified during out-of-context synthesis of instance 'MemoryAccessUnit/DataMemory' at clock pin 'clka' is different from the actual clock period '10.000', this can lead to different synthesis results.
INFO: [Designutils 20-5440] No compile time benefit to using incremental synthesis; A full resynthesis will be run
INFO: [Designutils 20-4379] Flow is switching to default flow due to incremental criteria not met. If you would like to alter this behaviour and have the flow terminate instead, please set the following parameter config_implementation {autoIncr.Synth.RejectBehavior Terminate}
---------------------------------------------------------------------------------
Finished Constraint Validation : Time (s): cpu = 00:00:23 ; elapsed = 00:00:23 . Memory (MB): peak = 1259.648 ; gain = 688.629
---------------------------------------------------------------------------------
---------------------------------------------------------------------------------
Start Loading Part and Timing Information
---------------------------------------------------------------------------------
Loading part: xc7a50tcsg324-3
---------------------------------------------------------------------------------
Finished Loading Part and Timing Information : Time (s): cpu = 00:00:23 ; elapsed = 00:00:23 . Memory (MB): peak = 1259.648 ; gain = 688.629
---------------------------------------------------------------------------------
---------------------------------------------------------------------------------
Start Applying 'set_property' XDC Constraints
---------------------------------------------------------------------------------
Applied set_property KEEP_HIERARCHY = SOFT for InstructionFetchUnit/InstructionMemory. (constraint file  auto generated constraint).
Applied set_property KEEP_HIERARCHY = SOFT for MemoryAccessUnit/DataMemory. (constraint file  auto generated constraint).
---------------------------------------------------------------------------------
Finished applying 'set_property' XDC Constraints : Time (s): cpu = 00:00:23 ; elapsed = 00:00:23 . Memory (MB): peak = 1259.648 ; gain = 688.629
---------------------------------------------------------------------------------
---------------------------------------------------------------------------------
Finished RTL Optimization Phase 2 : Time (s): cpu = 00:00:24 ; elapsed = 00:00:25 . Memory (MB): peak = 1259.648 ; gain = 688.629
---------------------------------------------------------------------------------
---------------------------------------------------------------------------------
Start RTL Component Statistics 
---------------------------------------------------------------------------------
Detailed RTL Component Info : 
+---Adders : 
	   3 Input   33 Bit       Adders := 1     
	   2 Input   33 Bit       Adders := 1     
	   2 Input   32 Bit       Adders := 6     
	   3 Input   32 Bit       Adders := 1     
	   2 Input    5 Bit       Adders := 1     
+---XORs : 
	   2 Input     64 Bit         XORs := 2     
	   2 Input     32 Bit         XORs := 1     
	   2 Input      1 Bit         XORs := 1792  
+---Registers : 
	               64 Bit    Registers := 3     
	               32 Bit    Registers := 19    
	                5 Bit    Registers := 6     
	                4 Bit    Registers := 1     
	                3 Bit    Registers := 8     
	                2 Bit    Registers := 1     
	                1 Bit    Registers := 15    
+---Muxes : 
	   2 Input   32 Bit        Muxes := 12    
	   4 Input   32 Bit        Muxes := 4     
	   2 Input    4 Bit        Muxes := 1     
	   9 Input    3 Bit        Muxes := 1     
	   2 Input    2 Bit        Muxes := 2     
	   9 Input    2 Bit        Muxes := 1     
	   8 Input    1 Bit        Muxes := 3     
	   3 Input    1 Bit        Muxes := 1     
	   2 Input    1 Bit        Muxes := 1     
---------------------------------------------------------------------------------
Finished RTL Component Statistics 
---------------------------------------------------------------------------------
---------------------------------------------------------------------------------
Start Part Resource Summary
---------------------------------------------------------------------------------
Part Resources:
DSPs: 120 (col length:60)
BRAMs: 150 (col length: RAMB18 60 RAMB36 30)
---------------------------------------------------------------------------------
Finished Part Resource Summary
---------------------------------------------------------------------------------
---------------------------------------------------------------------------------
Start Cross Boundary and Area Optimization
---------------------------------------------------------------------------------
WARNING: [Synth 8-7080] Parallel synthesis criteria is not met
---------------------------------------------------------------------------------
Finished Cross Boundary and Area Optimization : Time (s): cpu = 00:01:36 ; elapsed = 00:01:39 . Memory (MB): peak = 1375.609 ; gain = 804.590
---------------------------------------------------------------------------------
---------------------------------------------------------------------------------
Start ROM, RAM, DSP, Shift Register and Retiming Reporting
---------------------------------------------------------------------------------

Distributed RAM: Preliminary Mapping Report (see note below)
+------------+----------------------------------------+-----------+----------------------+--------------+
|Module Name | RTL Object                             | Inference | Size (Depth x Width) | Primitives   | 
+------------+----------------------------------------+-----------+----------------------+--------------+
|CPU         | InstructionDecodeUnit/RF/registers_reg | Implied   | 32 x 32              | RAM32M x 12  | 
+------------+----------------------------------------+-----------+----------------------+--------------+

Note: The table above is a preliminary report that shows the Distributed RAMs at the current stage of the synthesis flow. Some Distributed RAMs may be reimplemented as non Distributed RAM primitives later in the synthesis flow. Multiple instantiated RAMs are reported only once.
---------------------------------------------------------------------------------
Finished ROM, RAM, DSP, Shift Register and Retiming Reporting
---------------------------------------------------------------------------------
---------------------------------------------------------------------------------
Start Applying XDC Timing Constraints
---------------------------------------------------------------------------------
---------------------------------------------------------------------------------
Finished Applying XDC Timing Constraints : Time (s): cpu = 00:01:43 ; elapsed = 00:01:46 . Memory (MB): peak = 1382.617 ; gain = 811.598
---------------------------------------------------------------------------------
---------------------------------------------------------------------------------
Start Timing Optimization
---------------------------------------------------------------------------------
---------------------------------------------------------------------------------
Finished Timing Optimization : Time (s): cpu = 00:03:06 ; elapsed = 00:03:10 . Memory (MB): peak = 1539.480 ; gain = 968.461
---------------------------------------------------------------------------------
---------------------------------------------------------------------------------
Start ROM, RAM, DSP, Shift Register and Retiming Reporting
---------------------------------------------------------------------------------

Distributed RAM: Final Mapping Report
+------------+----------------------------------------+-----------+----------------------+--------------+
|Module Name | RTL Object                             | Inference | Size (Depth x Width) | Primitives   | 
+------------+----------------------------------------+-----------+----------------------+--------------+
|CPU         | InstructionDecodeUnit/RF/registers_reg | Implied   | 32 x 32              | RAM32M x 12  | 
+------------+----------------------------------------+-----------+----------------------+--------------+

---------------------------------------------------------------------------------
Finished ROM, RAM, DSP, Shift Register and Retiming Reporting
---------------------------------------------------------------------------------
---------------------------------------------------------------------------------
Start Technology Mapping
---------------------------------------------------------------------------------
---------------------------------------------------------------------------------
Finished Technology Mapping : Time (s): cpu = 00:03:10 ; elapsed = 00:03:15 . Memory (MB): peak = 1638.547 ; gain = 1067.527
---------------------------------------------------------------------------------
---------------------------------------------------------------------------------
Start IO Insertion
---------------------------------------------------------------------------------
---------------------------------------------------------------------------------
Start Flattening Before IO Insertion
---------------------------------------------------------------------------------
---------------------------------------------------------------------------------
Finished Flattening Before IO Insertion
---------------------------------------------------------------------------------
---------------------------------------------------------------------------------
Start Final Netlist Cleanup
---------------------------------------------------------------------------------
---------------------------------------------------------------------------------
Finished Final Netlist Cleanup
---------------------------------------------------------------------------------
---------------------------------------------------------------------------------
Finished IO Insertion : Time (s): cpu = 00:03:18 ; elapsed = 00:03:22 . Memory (MB): peak = 1649.398 ; gain = 1078.379
---------------------------------------------------------------------------------
---------------------------------------------------------------------------------
Start Renaming Generated Instances
---------------------------------------------------------------------------------
---------------------------------------------------------------------------------
Finished Renaming Generated Instances : Time (s): cpu = 00:03:18 ; elapsed = 00:03:22 . Memory (MB): peak = 1649.398 ; gain = 1078.379
---------------------------------------------------------------------------------
---------------------------------------------------------------------------------
Start Rebuilding User Hierarchy
---------------------------------------------------------------------------------
---------------------------------------------------------------------------------
Finished Rebuilding User Hierarchy : Time (s): cpu = 00:03:18 ; elapsed = 00:03:23 . Memory (MB): peak = 1649.398 ; gain = 1078.379
---------------------------------------------------------------------------------
---------------------------------------------------------------------------------
Start Renaming Generated Ports
---------------------------------------------------------------------------------
---------------------------------------------------------------------------------
Finished Renaming Generated Ports : Time (s): cpu = 00:03:19 ; elapsed = 00:03:23 . Memory (MB): peak = 1649.398 ; gain = 1078.379
---------------------------------------------------------------------------------
---------------------------------------------------------------------------------
Start Handling Custom Attributes
---------------------------------------------------------------------------------
---------------------------------------------------------------------------------
Finished Handling Custom Attributes : Time (s): cpu = 00:03:19 ; elapsed = 00:03:23 . Memory (MB): peak = 1649.398 ; gain = 1078.379
---------------------------------------------------------------------------------
---------------------------------------------------------------------------------
Start Renaming Generated Nets
---------------------------------------------------------------------------------
---------------------------------------------------------------------------------
Finished Renaming Generated Nets : Time (s): cpu = 00:03:19 ; elapsed = 00:03:23 . Memory (MB): peak = 1649.398 ; gain = 1078.379
---------------------------------------------------------------------------------
---------------------------------------------------------------------------------
Start Writing Synthesis Report
---------------------------------------------------------------------------------

Report BlackBoxes: 
+------+--------------+----------+
|      |BlackBox name |Instances |
+------+--------------+----------+
|1     |ROM           |         1|
|2     |RAM           |         1|
+------+--------------+----------+

Report Cell Usage: 
+------+---------+------+
|      |Cell     |Count |
+------+---------+------+
|1     |RAM      |     1|
|2     |ROM      |     1|
|3     |BUFG     |     1|
|4     |CARRY4   |   107|
|5     |LUT1     |    75|
|6     |LUT2     |   182|
|7     |LUT3     |   360|
|8     |LUT4     |  1186|
|9     |LUT5     |   533|
|10    |LUT6     |  1500|
|11    |MUXF7    |   194|
|12    |RAM32M   |    10|
|13    |RAM32X1D |     4|
|14    |FDRE     |   862|
|15    |FDSE     |     5|
|16    |IBUF     |     2|
|17    |OBUF     |    97|
+------+---------+------+
---------------------------------------------------------------------------------
Finished Writing Synthesis Report : Time (s): cpu = 00:03:19 ; elapsed = 00:03:23 . Memory (MB): peak = 1649.398 ; gain = 1078.379
---------------------------------------------------------------------------------
Synthesis finished with 0 errors, 0 critical warnings and 1 warnings.
Synthesis Optimization Runtime : Time (s): cpu = 00:03:04 ; elapsed = 00:03:20 . Memory (MB): peak = 1649.398 ; gain = 990.141
Synthesis Optimization Complete : Time (s): cpu = 00:03:19 ; elapsed = 00:03:23 . Memory (MB): peak = 1649.398 ; gain = 1078.379
INFO: [Project 1-571] Translating synthesized netlist
Netlist sorting complete. Time (s): cpu = 00:00:00 ; elapsed = 00:00:00.088 . Memory (MB): peak = 1658.598 ; gain = 0.000
INFO: [Netlist 29-17] Analyzing 315 Unisim elements for replacement
INFO: [Netlist 29-28] Unisim Transformation completed in 0 CPU seconds
INFO: [Project 1-570] Preparing netlist for logic optimization
INFO: [Opt 31-138] Pushed 1 inverter(s) to 14 load pin(s).
Netlist sorting complete. Time (s): cpu = 00:00:00 ; elapsed = 00:00:00.005 . Memory (MB): peak = 1662.262 ; gain = 0.000
INFO: [Project 1-111] Unisim Transformation Summary:
  A total of 14 instances were transformed.
  RAM32M => RAM32M (inverted pins: WCLK) (RAMD32(x6), RAMS32(x2)): 10 instances
  RAM32X1D => RAM32X1D (inverted pins: WCLK) (RAMD32(x2)): 4 instances

Synth Design complete | Checksum: 9e419530
INFO: [Common 17-83] Releasing license: Synthesis
85 Infos, 6 Warnings, 0 Critical Warnings and 0 Errors encountered.
synth_design completed successfully
synth_design: Time (s): cpu = 00:03:24 ; elapsed = 00:03:32 . Memory (MB): peak = 1662.262 ; gain = 1282.598
Write ShapeDB Complete: Time (s): cpu = 00:00:00 ; elapsed = 00:00:00.013 . Memory (MB): peak = 1662.262 ; gain = 0.000
INFO: [Common 17-1381] The checkpoint 'E:/IC/Mark VI/Vivado/CPU/CPU.runs/synth_1/CPU.dcp' has been generated.
INFO: [Vivado 12-24828] Executing command : report_utilization -file CPU_utilization_synth.rpt -pb CPU_utilization_synth.pb
INFO: [Common 17-206] Exiting Vivado at Tue May 20 22:09:23 2025...
